# Pedestrian: 'p' or 'P'
# Empty cell: '.'
# Wall: 'w' or 'W'
# Exit: 'x' or 'X'

dimension: 32
map:
.p.pp.p.p.pp.pXX.p.pp.p.p.pp.p..
.p.pp.p.p.Wp.p.p.pp.p.p.pp.p....
.p.pp.p.p.Wp.pWWWWp.p.p.pp.p....
.p.pp.p.p.W..WW..WW.....WW......
.....W....W.p.pp.p.p.pp.p.p.pp.p
.....W....W.p.pp.p.p.pp.p.p.pp.p
.....W....W......WW.....WW......
.....W....W.p.pp.p.p.pp.p.p.pp.p
.....W....W.p.pp.p.p.pp.p.p.pp.p
.....p..p.W......WW.....WW......
.....pp.ppW.p.pp.p.p.pp.p.p.pp.p
......pp..W.p.pp.p.p.pp.p.p.pp.p
.p.pp.p.p.p.pp.p.p.pp.p.p.pp.p..
.p.pp.p.p.pp.p....W.p.pp.p......
.p.pp.p.p.pp.p....W..p...p......
.p.pp.p.p.pp.p....W.pp.p..p.....
.p.pp.p.p.pp.p....W...p.ppp.....
.p.pp.p.p.pp.p....WWWWWWWWW.....
.p.pp.p.p.pp.p.p.pp.p.p.pp.p....
.p.pp.p.p.pp.p.p.pp.p.p.pp.p....
.p.pp.pWW...WW.p.pp.p.p.pp.p....
.p.pp.pW...p.W.p.pp.p....W.pp...
.p.pp.pW.p.ppW.p.pp.p....Wpppp..
.p.pp.pW.ppp.W.p.pp.p....W..p...
.p.pp.p....p.W.p.pp.p.p.pp.p....
.p.pp.p......W.ppp.W.p.pp.p..W..
.p.pp.p......Wp..ppW......p..W..
.p.pp.p......W.pp..W.....ppp.W..
.p.pp.p......WWWWWWW......p.pW..
.p.pp.p.p.pp.p.p.pp.p....WWWWW..
.p.pp.p.p.pp.p.p.pp.p.p.pp.p....
.p.pp.p.p.pp.p.p.pp.p.p.pp.p....