# Pedestrian: 'p' or 'P'
# Empty cell: '.'
# Wall: 'w' or 'W'
# Exit: 'x' or 'X'

dimension: 32
map:
..............XX................
................................
................................
.................WW.....WW......
.....W....W.....................
.....W....W.....................
.....W....W......WW.....WW......
.....W....W.....................
.....W....W.....................
.....p..p.W......WW.....WW......
.....pp.ppW.....................
......pp..W.....................
........p.......................
..................W.............
..................W..p...p......
..................W.pp.p..p.....
..................W...p.ppp.....
..................WWWWWWWWW.....
................................
................................
.......WW...WW..................
.......W...p.W...........W.pp...
.......W.p.ppW...........Wpppp..
.......W.ppp.W...........W..p...
...........p.W..................
.............W.ppp.W.........W..
.............Wp..ppW......p..W..
.............W.pp..W.....ppp.W..
.............WWWWWWW......p.pW..
.........................WWWWW..
................................
................................